go : WORK=C:\Users\TA
NMAY~1\AppData\Local\
Temp\go-build22258122
01
At line:1 char:1
+ go build -x 
.\lib\... 2> 
build_errors.txt; 
cat build_errors.txt
+ ~~~~~~~~~~~~~~~~~~~
~~~~~~~~~~~~~~~~~~~~~
~
    + CategoryInfo   
           : NotSpe  
  cified: (WORK=C:   
 \Users\T...build    
2225812201:Strin    
g) [], RemoteExc    
eption
    + FullyQualified 
   ErrorId : Native  
  CommandError
 
mkdir -p $WORK\b001\
cat >C:\Users\TANMAY~
1\AppData\Local\Temp\
go-build2225812201\b0
01\importcfg << 
'EOF' # internal
# import config
packagefile bytes=C:\
Users\Tanmay Jain\App
Data\Local\go-build\6
9\690ebc6ced6b62d6316
07268f49531ccc6f905ab
0d58a4578f70de3323a7a
03c-d
packagefile context=C
:\Users\Tanmay Jain\A
ppData\Local\go-build
\aa\aa34eac980d80e303
76c5c955854dd53824312
71eed2e73542ecbdb25d5
4c6c2-d
packagefile encoding/
json=C:\Users\Tanmay 
Jain\AppData\Local\go
-build\e6\e6440d3ce73
86f3d9b1035226c6151a7
42e67daed479ed17f054f
aae07268d59-d
packagefile 
fmt=C:\Users\Tanmay J
ain\AppData\Local\go-
build\7a\7ae7a5a2bd01
fc61bc47b963c5fe58351
d0d5d5fae41127e43eaa6
c1863dea2f-d
packagefile github.co
m/google/generative-a
i-go/genai=C:\Users\T
anmay Jain\AppData\Lo
cal\go-build\8d\8d757
d931af64236aca180abd7
951b41acf42763cbd7a83
d9262f123f472c345-d
packagefile github.co
m/ledongthuc/pdf=C:\U
sers\Tanmay Jain\AppD
ata\Local\go-build\e8
\e8f4a26502853bed86fc
16c3ed89f275b69eae1ea
20221aaf1040dd8bd1b4b
21-d
packagefile google.go
lang.org/api/option=C
:\Users\Tanmay Jain\A
ppData\Local\go-build
\12\121ce2b5f24ef331b
d8376e11b23c572b2f01d
8b24b490bffd9c80f8429
4d77b-d
packagefile 
io=C:\Users\Tanmay Ja
in\AppData\Local\go-b
uild\02\0243f3b8ba2de
d9010f7ac0515438b530e
b6a73657e3ce4f34b1bbb
35d5538d9-d
packagefile net/http=
C:\Users\Tanmay Jain\
AppData\Local\go-buil
d\75\75b21945f1747db3
fda278d07e4314251454b
b66b838b50dc780d97eab
e8f264-d
packagefile 
os=C:\Users\Tanmay Ja
in\AppData\Local\go-b
uild\63\638e0fe30a12b
1c9fa03b023eecc17391c
ed10f4567de278a3a34bb
656015738-d
packagefile strings=C
:\Users\Tanmay Jain\A
ppData\Local\go-build
\85\85e483c876a41b97e
6a29f8e8c127eaec39ff8
c68fa3a53ac90ce7e597b
a6ef0-d
EOF
cd D:\Learning\Coding
\New Era - Feb 
2026\rag-docs\api
"C:\\Program Files\\G
o\\pkg\\tool\\windows
_amd64\\compile.exe" 
-o "$WORK\\b001\\_pkg
_.a" -trimpath 
"$WORK\\b001=>" -p 
pdf-ai-assistant/lib 
-lang=go1.25 
-complete -buildid Ih
z1xowqjtC9GN2jZ4L2/Ih
z1xowqjtC9GN2jZ4L2 
-goversion go1.25.0 
-c=4 -nolocalimports 
-importcfg "$WORK\\b0
01\\importcfg" -pack 
"D:\\Learning\\Coding
\\New Era - Feb 2026\
\rag-docs\\api\\lib\\
gemini.go" "D:\\Learn
ing\\Coding\\New Era 
- Feb 2026\\rag-docs\
\api\\lib\\pdf.go" "D
:\\Learning\\Coding\\
New Era - Feb 2026\\r
ag-docs\\api\\lib\\up
stash.go"
# 
pdf-ai-assistant/lib
lib\pdf.go:30:18: 
content (variable of 
struct type 
pdf.Content) is not 
an interface
lib\pdf.go:31:9: 
pdf.Stream (constant 
8 of int type 
pdf.ValueKind) is 
not a type
